[www.edraak.org/index.html]
[backblue.gif]
[fade.gif]
[index.html]
[dfo1nnmfmvi1j.cloudfront.net/static/apple-touch-icon.339ce95c4146.png]
[dfo1nnmfmvi1j.cloudfront.net/static/favicon.7ddabbfb8bbf.ico]
[dfo1nnmfmvi1j.cloudfront.net/static/styles/rtl.fcbc7f20fccf.css]
[www.edraak.org/about-us/index.html]
[www.edraak.org/help/how-it-works/index.html]
[www.edraak.org/about-us/team/index.html]
[www.edraak.org/courses/index.html]
[www.edraak.org/teach/index.html]
[edraak-marketing-uploads.s3.amazonaws.com/courses/Vertical_course_image.jpg]
[edraak-marketing-uploads.s3.amazonaws.com/courses/Square-image.png]
[www.edraak.org/series/JAVA/index.html]
[edraak-marketing-uploads.s3.amazonaws.com/courses/Square--image-size.png]
[www.edraak.org/course/course-v1_Edraak+FA911+2016_Q4_R1/index.html]
[edraak-marketing-uploads.s3.amazonaws.com/courses/PMP_500x500.jpg]
[www.edraak.org/course/course-v1_Edraak+PRBS100+Q3_2016_R1/index.html]
[edraak-marketing-uploads.s3.amazonaws.com/courses/GSSM_-_Square.png]
[www.edraak.org/course/course-v1_PMIJO+PM100+2016_Q4_R2/index.html]
[edraak-marketing-uploads.s3.amazonaws.com/courses/Eng3-Square.png]
[www.edraak.org/course/course-v1_Edraak+GSSM+T3_2016/index.html]
[edraak-marketing-uploads.s3.amazonaws.com/courses/500x500.png]
[www.edraak.org/course/course-v1_BritishCouncil+Eng3+Q4-2016/index.html]
[edraak-marketing-uploads.s3.amazonaws.com/courses/Autism_Sq.jpg]
[www.edraak.org/course/course-v1_Edraak+DI100+Q3_2016_R1/index.html]
[edraak-marketing-uploads.s3.amazonaws.com/courses/python-2.jpg]
[www.edraak.org/course/course-v1_Edraak+AUT_101+R1_Oct_2016/index.html]
[blog.edraak.org/wp-content/uploads/2016/09/blog-discussion-board-1.png]
[www.edraak.org/course/course-v1_PSUT+PL101+2016_Q2_R1/index.html]
[blog.edraak.org/wp-content/uploads/2016/09/IMG_0742-1.jpg]
[blog.edraak.org/wp-content/uploads/2016/09/blog-1.jpg]
[edraak-marketing-uploads.s3.amazonaws.com/partners/mitx.png]
[edraak-marketing-uploads.s3.amazonaws.com/partners/hardvardx.png]
[edraak-marketing-uploads.s3.amazonaws.com/partners/edx.png]
[edraak-marketing-uploads.s3.amazonaws.com/partners/aub.png]
[edraak-marketing-uploads.s3.amazonaws.com/partners/bayt.com.png]
[edraak-marketing-uploads.s3.amazonaws.com/partners/british-council.png]
[edraak-marketing-uploads.s3.amazonaws.com/partners/PSUT-Logo2.png]
[connect.facebook.net/ar_AR/sdk.js]
[connect.facebook.net/en_US/fbevents.js]
[www.facebook.com/tr78fa.gif]
[www.edraak.org/contact-us/index.html]
[www.edraak.org/help/faq/index.html]
[www.edraak.org/terms-of-service/index.html]
[dfo1nnmfmvi1j.cloudfront.net/static/CACHE/js/591ba090d198.js]
[www.edraak.org/privacy-policy/index.html]
[dfo1nnmfmvi1j.cloudfront.net/static/CACHE/js/da6d156924cf.js]
[www.edraak.org/index.html]
[edraak-marketing-uploads.s3.amazonaws.com/uploads/about-bg.png]
[edraak-marketing-uploads.s3.amazonaws.com/uploads/queen.png]
[edraak-marketing-uploads.s3.amazonaws.com/uploads/sheikh.png]
[edraak-marketing-uploads.s3.amazonaws.com/uploads/the_mikati_foundation.jpg]
[edraak-marketing-uploads.s3.amazonaws.com/uploads/arab-fund.png]
[www.edraak.org/about-us/index.html]
[edraak-marketing-uploads.s3.amazonaws.com/team/P.jpg]
[edraak-marketing-uploads.s3.amazonaws.com/team/A.jpg]
[edraak-marketing-uploads.s3.amazonaws.com/team/D.jpg]
[edraak-marketing-uploads.s3.amazonaws.com/team/K.jpg]
[edraak-marketing-uploads.s3.amazonaws.com/team/M.jpg]
[edraak-marketing-uploads.s3.amazonaws.com/team/B.jpg]
[edraak-marketing-uploads.s3.amazonaws.com/team/C.jpg]
[edraak-marketing-uploads.s3.amazonaws.com/team/J.jpg]
[edraak-marketing-uploads.s3.amazonaws.com/team/L.jpg]
[edraak-marketing-uploads.s3.amazonaws.com/team/E.jpg]
[edraak-marketing-uploads.s3.amazonaws.com/team/N.jpg]
[edraak-marketing-uploads.s3.amazonaws.com/team/F.jpg]
[edraak-marketing-uploads.s3.amazonaws.com/team/I.jpg]
[edraak-marketing-uploads.s3.amazonaws.com/team/H.jpg]
[edraak-marketing-uploads.s3.amazonaws.com/team/U.jpg]
[edraak-marketing-uploads.s3.amazonaws.com/team/S.jpg]
[edraak-marketing-uploads.s3.amazonaws.com/team/R.jpg]
[edraak-marketing-uploads.s3.amazonaws.com/team/W.jpg]
[edraak-marketing-uploads.s3.amazonaws.com/team/T.jpg]
[edraak-marketing-uploads.s3.amazonaws.com/team/O.jpg]
[www.edraak.org/about-us/team/index.html]
[dfo1nnmfmvi1j.cloudfront.net/static/images/how-it-works/step-1-icon.77e6b8e279fd.png]
[dfo1nnmfmvi1j.cloudfront.net/static/images/how-it-works/step-2-icon.3bfbb6493848.png]
[dfo1nnmfmvi1j.cloudfront.net/static/images/how-it-works/step-3-icon.06ee03dd5e1c.png]
[dfo1nnmfmvi1j.cloudfront.net/static/images/how-it-works/step-1.aa80ef15d2d3.ogg]
[dfo1nnmfmvi1j.cloudfront.net/static/images/how-it-works/step-2.2f530b9c8b1d.ogg]
[dfo1nnmfmvi1j.cloudfront.net/static/images/how-it-works/step-3.c19bd522a83e.ogg]
[dfo1nnmfmvi1j.cloudfront.net/static/images/how-it-works/step-4.767cc6c308bc.ogg]
[dfo1nnmfmvi1j.cloudfront.net/static/images/how-it-works/step-5.340d9a11240c.ogg]
[dfo1nnmfmvi1j.cloudfront.net/static/images/how-it-works/step-6.2d1b22583180.ogg]
[dfo1nnmfmvi1j.cloudfront.net/static/images/how-it-works/step-4-icon.f2cfe0423d57.png]
[dfo1nnmfmvi1j.cloudfront.net/static/images/how-it-works/step-5-icon.0ad9513c74fe.png]
[dfo1nnmfmvi1j.cloudfront.net/static/images/how-it-works/step-6-icon.1a60128ced36.png]
[dfo1nnmfmvi1j.cloudfront.net/static/CACHE/js/cd954aecca2c.js]
[www.edraak.org/help/how-it-works/index.html]
[dfo1nnmfmvi1j.cloudfront.net/static/bower_components/video.js/dist/video-js/video-js.befe158de5e3.swf]
[dfo1nnmfmvi1j.cloudfront.net/static/images/content/all-courses-bg.e309921b7ec6.jpg]
[edraak-marketing-uploads.s3.amazonaws.com/course-categories/Languages.png]
[edraak-marketing-uploads.s3.amazonaws.com/courses/to_use_500x500-01.png]
[www.edraak.org/courses/finished/index.html]
[www.edraak.org/courses/current/index.html]
[www.edraak.org/courses/upcoming/index.html]
[www.edraak.org/courses/self/index.html]
[edraak-marketing-uploads.s3.amazonaws.com/courses/Communication-Skills-500x500.jpg]
[www.edraak.org/course/course-v1_MBRCGI+IG_2016+IG_R1/index.html]
[edraak-marketing-uploads.s3.amazonaws.com/courses/Entrepreneurship.jpg]
[www.edraak.org/course/course-v1_Fullbridge+COMM1+2015/index.html]
[www.edraak.org/course/course-v1_PMIJO+PM100+2015_T1_R1/index.html]
[edraak-marketing-uploads.s3.amazonaws.com/courses/Thumbnail_Ent_Course_copy.jpg]
[www.edraak.org/course/course-v1_MITx+ENT101+2015/index.html]
[edraak-marketing-uploads.s3.amazonaws.com/courses/Business_Communicaiton_8uiOZdz.jpg]
[www.edraak.org/course/course-v1_AUC+Entr_101+Entr_2015/index.html]
[edraak-marketing-uploads.s3.amazonaws.com/course-categories/Health.png]
[www.edraak.org/course/AUB/BC100/2014_BC/index.html]
[edraak-marketing-uploads.s3.amazonaws.com/courses/_MG_8598_-_Square.jpg]
[edraak-marketing-uploads.s3.amazonaws.com/courses/parenting_-_thumbnail.jpg]
[www.edraak.org/course/course-v1_Edraak+MTRNTY_2016+Aug_2016/index.html]
[edraak-marketing-uploads.s3.amazonaws.com/courses/HH2nd-Run-500x500.jpg]
[www.edraak.org/course/course-v1_Edraak+PRTNG_2016+PRTNG_April_2016/index.html]
[edraak-marketing-uploads.s3.amazonaws.com/courses/HIN_500x500.jpg]
[www.edraak.org/course/course-v1_Edraak+HH100+HH2016_RR1/index.html]
[edraak-marketing-uploads.s3.amazonaws.com/courses/Quality_in_Healthcare.png]
[edraak-marketing-uploads.s3.amazonaws.com/courses/Child_Mental_Health.jpg]
[www.edraak.org/course/course-v1_HarvardX+HIN+2015/index.html]
[edraak-marketing-uploads.s3.amazonaws.com/courses/Health_and_Nutrition.jpg]
[www.edraak.org/course/course-v1_Edraak+HH100+HH_SP/index.html]
[www.edraak.org/course/HCAC/QMPI100/T1_2030/index.html]
[www.edraak.org/course/course-v1_Edraak+CHM100r+CMH_SP2015/index.html]
[edraak-marketing-uploads.s3.amazonaws.com/course-categories/Education_for_Citizenship.png]
[edraak-marketing-uploads.s3.amazonaws.com/courses/Citizenship_in_the_Arab_World_hL16EjE.jpg]
[www.edraak.org/course/course-v1_Edraak+NH100+NH_SP2015/index.html]
[edraak-marketing-uploads.s3.amazonaws.com/course-categories/STEM.png]
[www.edraak.org/course/AUB/CZN100/2014/index.html]
[edraak-marketing-uploads.s3.amazonaws.com/courses/500x500-new-jpg.jpg]
[edraak-marketing-uploads.s3.amazonaws.com/courses/Solar-Energy-New2.jpg]
[www.edraak.org/course/course-v1_QOU+Math100+2016_Q3_R1/index.html]
[edraak-marketing-uploads.s3.amazonaws.com/courses/Circuts_and_Electronics_91i5qmt.jpg]
[www.edraak.org/course/course-v1_DelftX+SE-Pt1+2016/index.html]
[www.edraak.org/course/course-v1_DelftX+SE-Pt2+2016/index.html]
[edraak-marketing-uploads.s3.amazonaws.com/courses/Computer_Science_and_Programming.jpg]
[www.edraak.org/course/course-v1_QRF+6002x+2015/index.html]
[edraak-marketing-uploads.s3.amazonaws.com/courses/Math-500x500.jpg]
[www.edraak.org/course/QRF/6001/2014/index.html]
[edraak-marketing-uploads.s3.amazonaws.com/courses/Calculus-Series-500x500.jpg]
[www.edraak.org/course/course-v1_Edraak+MTS12+2016/index.html]
[edraak-marketing-uploads.s3.amazonaws.com/course-categories/Employment_skills.png]
[www.edraak.org/series/calculus2/index.html]
[www.edraak.org/series/calculus/index.html]
[edraak-marketing-uploads.s3.amazonaws.com/courses/Course_Image_Squar.png]
[edraak-marketing-uploads.s3.amazonaws.com/courses/Work-Ethics_1.jpg_square.jpg]
[edraak-marketing-uploads.s3.amazonaws.com/courses/Work_Ethics_2.jpg]
[www.edraak.org/course/course-v1_Edraak+PS-DM+PS-DM2016/index.html]
[courses.edraak.org/asset-v1_bayt.com+BA_104+BA_104_SelfPaced+type@asset+block@Interviewing_Skills.jpg]
[www.edraak.org/course/course-v1_AUB+WE100+2016_Q1/index.html]
[www.edraak.org/course/course-v1_AUB+WE100+2016_Q3/index.html]
[edraak-marketing-uploads.s3.amazonaws.com/courses/Essential-Career-Development-Skills_Square.jpg]
[www.edraak.org/course/course-v1_bayt.com+BA_104+BA_104_SelfPaced/index.html]
[edraak-marketing-uploads.s3.amazonaws.com/courses/Intro_to_HR_L0c0cPH.jpg]
[www.edraak.org/course/course-v1_bayt.com+BA_105+BA_105_SelfPaced/index.html]
[edraak-marketing-uploads.s3.amazonaws.com/courses/CV_Writing_SGrEROW.jpg]
[www.edraak.org/course/course-v1_Bayt.com+BA_106+BA_SP2015/index.html]
[edraak-marketing-uploads.s3.amazonaws.com/courses/Job_Hunting_Strategies_g9UkPm1.jpg]
[www.edraak.org/course/course-v1_bayt.com+BA_102+SelfPaced/index.html]
[edraak-marketing-uploads.s3.amazonaws.com/courses/Personal_Branding_DM2vYiR.jpg]
[www.edraak.org/course/course-v1_bayt.com+BA_101-2+BA_SelfPaced/index.html]
[edraak-marketing-uploads.s3.amazonaws.com/course-categories/Arts__Media.png]
[www.edraak.org/course/course-v1_bayt.com+BA_103-2+BA_SelfPaced/index.html]
[edraak-marketing-uploads.s3.amazonaws.com/courses/course_500x500_copy.jpg]
[edraak-marketing-uploads.s3.amazonaws.com/courses/A_Journey_in_Filmmaking_15Pzgf7.jpg]
[www.edraak.org/course/course-v1_Edraak+GD101+T4_2015/index.html]
[edraak-marketing-uploads.s3.amazonaws.com/course-categories/Economics.png]
[www.edraak.org/course/course-v1_Edraak+FLM100+2015_T4/index.html]
[edraak-marketing-uploads.s3.amazonaws.com/courses/financial_500x500.jpg]
[edraak-marketing-uploads.s3.amazonaws.com/courses/Arabs_Where_and_Where_to_LiqA5QU.jpg]
[www.edraak.org/course/course-v1_Edraak+FL100+2016_T3_R2/index.html]
[edraak-marketing-uploads.s3.amazonaws.com/course-categories/Architecture.png]
[www.edraak.org/course/Edraak/ECDV100/2014/index.html]
[edraak-marketing-uploads.s3.amazonaws.com/courses/Arab_Contemporary_City_Ie49Kad.jpg]
[edraak-marketing-uploads.s3.amazonaws.com/courses/Arab_Contemporary_City_2.jpg]
[www.edraak.org/course/course-v1_CSBE+AC100+Spring2015/index.html]
[edraak-marketing-uploads.s3.amazonaws.com/course-categories/Languages_V8DOVNA.png]
[www.edraak.org/course/course-v1_CSBE+AC100+Q3_2016/index.html]
[edraak-marketing-uploads.s3.amazonaws.com/courses/asdf.jpg]
[edraak-marketing-uploads.s3.amazonaws.com/courses/Course_Image_Square.png]
[www.edraak.org/course/course-v1_BritishCouncil+Eng2+2016Q3/index.html]
[edraak-marketing-uploads.s3.amazonaws.com/courses/8.png]
[www.edraak.org/course/course-v1_BritishCouncil+Eng100+2016_Q2/index.html]
[edraak-marketing-uploads.s3.amazonaws.com/course-categories/Education_and_Teaching.png]
[www.edraak.org/course/BritishCouncil/Eng100/T4_2015/index.html]
[www.edraak.org/courses/index.html]
[edraak-marketing-uploads.s3.amazonaws.com/courses/Teach_Like_a_Champion.jpg]
[www.edraak.org/course/course-v1_QRTA+TLC100+TLC_SP2015/index.html]
[www.edraak.org/teach/index.html]
[www.edraak.org/teach-form/index.html]
[edraak-marketing-uploads.s3.amazonaws.com/courses/Horizental_course_image_-_Copy.jpg]
[edraak-marketing-uploads.s3.amazonaws.com/partners/arab-open-university-_-logo.jpg]
[edraak-marketing-uploads.s3.amazonaws.com/partners/Edraak_Logo_course-page.png]
[www.edraak.org/course/course-v1_AOU+JAVA1+T4_2016/index.html]
[www.edraak.org/course/course-v1_AOU+JAVA1+T4_2016/index-2.html]
[edraak-marketing-uploads.s3.amazonaws.com/course-team/JJ.jpg]
[www.edraak.org/course/course-v1_AOU+JAVA2+T4_2016/index.html]
[www.edraak.org/course/course-v1_AOU+JAVA2+T4_2016/index-2.html]
[www.edraak.org/course/course-v1_AOU+JAVA3+T4_2016/index.html]
[www.edraak.org/course/course-v1_AOU+JAVA3+T4_2016/index-2.html]
[edraak-marketing-uploads.s3.amazonaws.com/course-team/Othmanwalweel.jpg]
[edraak-marketing-uploads.s3.amazonaws.com/course-team/abdelfattah.jpg]
[dfo1nnmfmvi1j.cloudfront.net/static/CACHE/js/af46a2b6eaa6.js]
[www.edraak.org/series/JAVA/index.html]
[edraak-marketing-uploads.s3.amazonaws.com/courses/horizental-image.png]
[edraak-marketing-uploads.s3.amazonaws.com/course-team/Ahmad-Ramzy.jpg]
[edraak-marketing-uploads.s3.amazonaws.com/course-team/Dr._Ahmed_esawy_2.jpg]
[edraak-marketing-uploads.s3.amazonaws.com/course-team/Dr._Afaf_Hijazy.jpg]
[edraak-marketing-uploads.s3.amazonaws.com/course-team/Nora_Fawzy.jpg]
[edraak-marketing-uploads.s3.amazonaws.com/course-team/Nourhan_Samy.jpg]
[www.edraak.org/course/course-v1_Edraak+FA911+2016_Q4_R1/index.html]
[edraak-marketing-uploads.s3.amazonaws.com/courses/Horizental--course-image.png]
[courses.edraak.org/asset-v1_Edraak+PRBS100+Q3_2016_R1+type@asset+block@final-syr-res-LightBG-01.png]
[courses.edraak.org/asset-v1_Edraak+PRBS100+Q3_2016_R1+type@asset+block@AB-Tagline-Arabic.jpg]
[edraak-marketing-uploads.s3.amazonaws.com/course-team/Muhannad.jpg]
[edraak-marketing-uploads.s3.amazonaws.com/course-team/Amr2.png]
[edraak-marketing-uploads.s3.amazonaws.com/course-team/Amer.jpg]
[edraak-marketing-uploads.s3.amazonaws.com/course-team/Fouad.jpg]
[www.edraak.org/course/course-v1_Edraak+PRBS100+Q3_2016_R1/index.html]
[edraak-marketing-uploads.s3.amazonaws.com/courses/PMP_1920x816_.jpg]
[edraak-marketing-uploads.s3.amazonaws.com/partners/PMI.png]
[courses.edraak.org/asset-v1_PMIJO+PM100+2016_Q4_R2+type@asset+block@PMI-PMIEF.jpg]
[edraak-marketing-uploads.s3.amazonaws.com/course-team/Hazem.png]
[edraak-marketing-uploads.s3.amazonaws.com/course-team/Feras.png]
[edraak-marketing-uploads.s3.amazonaws.com/course-team/Rana.png]
[www.edraak.org/course/course-v1_PMIJO+PM100+2016_Q4_R2/index.html]
[edraak-marketing-uploads.s3.amazonaws.com/courses/GSSM_-_Vertical.jpg]
[edraak-marketing-uploads.s3.amazonaws.com/course-team/Samer_Younis.png]
[www.edraak.org/course/course-v1_Edraak+GSSM+T3_2016/index.html]
[edraak-marketing-uploads.s3.amazonaws.com/courses/Eng3_-_Horizontal.png]
[edraak-marketing-uploads.s3.amazonaws.com/partners/Crescent-Petroleum-Logo_2.png]
[edraak-marketing-uploads.s3.amazonaws.com/course-team/Alans_profile_picture.png]
[edraak-marketing-uploads.s3.amazonaws.com/course-team/Ismails_profile_picture.png]
[www.edraak.org/course/course-v1_BritishCouncil+Eng3+Q4-2016/index.html]
[edraak-marketing-uploads.s3.amazonaws.com/courses/1900.png]
[courses.edraak.org/asset-v1_Edraak+DI100+Q3_2016_R1+type@asset+block@ADW_cobranding_collaborators_arabicv2.png]
[edraak-marketing-uploads.s3.amazonaws.com/course-team/Nada.png]
[edraak-marketing-uploads.s3.amazonaws.com/course-team/Hiba.jpg]
[edraak-marketing-uploads.s3.amazonaws.com/course-team/Wasan.jpg]
[www.edraak.org/course/course-v1_Edraak+DI100+Q3_2016_R1/index.html]
[edraak-marketing-uploads.s3.amazonaws.com/courses/Autism_Cover2.jpg]
[edraak-marketing-uploads.s3.amazonaws.com/partners/Arab-Fund-logo3.gif]
[edraak-marketing-uploads.s3.amazonaws.com/course-team/Personal_Photograph_1.jpg]
[edraak-marketing-uploads.s3.amazonaws.com/course-team/mijbel2.jpg]
[edraak-marketing-uploads.s3.amazonaws.com/course-team/Mohanadsq.jpg]
[www.edraak.org/course/course-v1_Edraak+AUT_101+R1_Oct_2016/index.html]
[edraak-marketing-uploads.s3.amazonaws.com/courses/python1.jpg]
[edraak-marketing-uploads.s3.amazonaws.com/course-team/Akram_Recent_Picture.jpg]
[edraak-marketing-uploads.s3.amazonaws.com/course-team/Raghda.png]
[www.edraak.org/course/course-v1_PSUT+PL101+2016_Q2_R1/index.html]
[www.edraak.org/contact-us/index.html]
[www.edraak.org/help/faq/index.html]
[www.edraak.org/privacy-policy/index.html]
[www.edraak.org/terms-of-service/index.html]
[www.edraak.org/courses/current/index.html]
[www.edraak.org/courses/upcoming/index.html]
[www.edraak.org/courses/finished/index.html]
[www.edraak.org/courses/self/index.html]
[edraak-marketing-uploads.s3.amazonaws.com/courses/to_use_Banner4-01.png]
[edraak-marketing-uploads.s3.amazonaws.com/partners/MBRCGI_Logo-01finalfinalfinal.png]
[courses.edraak.org/asset-v1_MBRCGI+IG_2016+IG_R1+type@asset+block@logo2.png]
[edraak-marketing-uploads.s3.amazonaws.com/course-team/Yasar_wef_.jpg]
[www.edraak.org/course/course-v1_MBRCGI+IG_2016+IG_R1/index.html]
[edraak-marketing-uploads.s3.amazonaws.com/courses/Communication-Skills-1920x816.jpg]
[www.edraak.org/course/course-v1_Fullbridge+COMM1+2015/notify.html]
[edraak-marketing-uploads.s3.amazonaws.com/course-team/Jafar_Resized.png]
[edraak-marketing-uploads.s3.amazonaws.com/course-team/Jim_Pautz-3.jpg]
[edraak-marketing-uploads.s3.amazonaws.com/course-team/Asma_Resized.jpg]
[www.edraak.org/course/course-v1_Fullbridge+COMM1+2015/index.html]
[www.edraak.org/course/course-v1_PMIJO+PM100+2015_T1_R1/notify.html]
[courses.edraak.org/asset-v1_PMIJO+PM100+2015_T1_R1+type@asset+block@PMI-PMIEF.jpg]
[www.edraak.org/course/course-v1_PMIJO+PM100+2015_T1_R1/index.html]
[edraak-marketing-uploads.s3.amazonaws.com/courses/Entrepreneurship_1.jpg]
[www.edraak.org/course/course-v1_MITx+ENT101+2015/notify.html]
[edraak-marketing-uploads.s3.amazonaws.com/course-team/Bill-Aulet_pGMsF7B.jpg]
[www.edraak.org/course/course-v1_MITx+ENT101+2015/index.html]
[edraak-marketing-uploads.s3.amazonaws.com/course-team/Perihan_Abu-Zaid.jpg]
[edraak-marketing-uploads.s3.amazonaws.com/courses/Ent_Course_Image.jpg]
[www.edraak.org/course/course-v1_AUC+Entr_101+Entr_2015/notify.html]
[edraak-marketing-uploads.s3.amazonaws.com/partners/Auc_Logo_1.png]
[edraak-marketing-uploads.s3.amazonaws.com/course-team/final_pic.png]
[edraak-marketing-uploads.s3.amazonaws.com/course-team/nada_1.jpg]
[www.edraak.org/course/course-v1_AUC+Entr_101+Entr_2015/index.html]
[edraak-marketing-uploads.s3.amazonaws.com/course-team/Maha.jpg]
[edraak-marketing-uploads.s3.amazonaws.com/courses/Business_Communication_A837CWC.jpg]
[www.edraak.org/course/AUB/BC100/2014_BC/notify.html]
[edraak-marketing-uploads.s3.amazonaws.com/course-team/zane.jpg]
[edraak-marketing-uploads.s3.amazonaws.com/course-team/Lilia_El_Habr_-_photo_1.jpg]
[edraak-marketing-uploads.s3.amazonaws.com/course-team/photo2.jpg]
[www.edraak.org/course/AUB/BC100/2014_BC/index.html]
[d3q6qq2zt8nhwv.cloudfront.net/s/js/widgets/iframe_container.js]
[edraak-marketing-uploads.s3.amazonaws.com/courses/_MG_8598_-_Version_3.jpg]
[www.edraak.org/course/course-v1_Edraak+MTRNTY_2016+Aug_2016/notify.html]
[edraak-marketing-uploads.s3.amazonaws.com/course-team/Hoda_Eltomi5.jpg]
[edraak-marketing-uploads.s3.amazonaws.com/course-team/nayela.jpg]
[www.edraak.org/course/course-v1_Edraak+MTRNTY_2016+Aug_2016/index.html]
[edraak-marketing-uploads.s3.amazonaws.com/course-team/radwan.jpg]
[edraak-marketing-uploads.s3.amazonaws.com/courses/Parenting_-_Course_Image.png.jpg]
[www.edraak.org/course/course-v1_Edraak+PRTNG_2016+PRTNG_April_2016/notify.html]
[edraak-marketing-uploads.s3.amazonaws.com/course-team/Hesham_Hamoda.jpg]
[edraak-marketing-uploads.s3.amazonaws.com/course-team/Randa_Pic.jpg]
[www.edraak.org/course/course-v1_Edraak+PRTNG_2016+PRTNG_April_2016/index.html]
[edraak-marketing-uploads.s3.amazonaws.com/course-team/hala.jpg]
[edraak-marketing-uploads.s3.amazonaws.com/courses/HH-2nd-Run-1920x816.jpg]
[www.edraak.org/course/course-v1_Edraak+HH100+HH2016_RR1/notify.html]
[edraak-marketing-uploads.s3.amazonaws.com/course-team/me.jpg]
[www.edraak.org/course/course-v1_Edraak+HH100+HH2016_RR1/index.html]
[edraak-marketing-uploads.s3.amazonaws.com/course-team/1610852_10204402523236496_139304823929316446_n.jpg]
[edraak-marketing-uploads.s3.amazonaws.com/courses/HIN-1920x816.png]
[www.edraak.org/course/course-v1_HarvardX+HIN+2015/notify.html]
[edraak-marketing-uploads.s3.amazonaws.com/course-team/Zeina_Ziam_-_HIN.jpg]
[edraak-marketing-uploads.s3.amazonaws.com/course-team/Akl_Fahed_-_HIN_TA-2.jpg]
[edraak-marketing-uploads.s3.amazonaws.com/course-team/Prof._Cook.jpg]
[edraak-marketing-uploads.s3.amazonaws.com/course-team/Prof._Pagano.jpg]
[www.edraak.org/course/course-v1_HarvardX+HIN+2015/index.html]
[edraak-marketing-uploads.s3.amazonaws.com/course-team/Sarah_Assaad_-_HIN_TA.jpg]
[edraak-marketing-uploads.s3.amazonaws.com/courses/Quality_in_Healthcare.jpg]
[www.edraak.org/course/HCAC/QMPI100/T1_2030/notify.html]
[edraak-marketing-uploads.s3.amazonaws.com/course-team/OTH_0005.jpg]
[edraak-marketing-uploads.s3.amazonaws.com/course-team/OTH_0010.jpg]
[www.edraak.org/course/HCAC/QMPI100/T1_2030/index.html]
[edraak-marketing-uploads.s3.amazonaws.com/course-team/Untitled.jpg]
[www.edraak.org/course/course-v1_Edraak+HH100+HH_SP/index.html]
[edraak-marketing-uploads.s3.amazonaws.com/courses/Child_Mental_Heatlh.jpg]
[www.edraak.org/course/course-v1_Edraak+CHM100r+CMH_SP2015/index.html]
[edraak-marketing-uploads.s3.amazonaws.com/courses/Health_and_Nutrition_1.jpg]
[edraak-marketing-uploads.s3.amazonaws.com/course-team/dianas_pic.jpg]
[www.edraak.org/course/course-v1_Edraak+NH100+NH_SP2015/index.html]
[edraak-marketing-uploads.s3.amazonaws.com/courses/Citizenship_in_the_Arab_World_zdt1ZtJ.jpg]
[www.edraak.org/course/AUB/CZN100/2014/notify.html]
[edraak-marketing-uploads.s3.amazonaws.com/course-team/Dina-Kiwan.jpg]
[edraak-marketing-uploads.s3.amazonaws.com/course-team/Hadi_Al-Aridi_-_TA.jpg]
[www.edraak.org/course/AUB/CZN100/2014/index.html]
[edraak-marketing-uploads.s3.amazonaws.com/course-team/Abada_Al-Kassar_-_TA.jpg]
[edraak-marketing-uploads.s3.amazonaws.com/courses/1920x816-new-jpg.jpg]
[www.edraak.org/course/course-v1_QOU+Math100+2016_Q3_R1/notify.html]
[edraak-marketing-uploads.s3.amazonaws.com/partners/QOU_Logo_Final.png]
[edraak-marketing-uploads.s3.amazonaws.com/course-team/Dr-Randa-New.png]
[edraak-marketing-uploads.s3.amazonaws.com/course-team/Riad-Zidan.png]
[www.edraak.org/course/course-v1_QOU+Math100+2016_Q3_R1/index.html]
[edraak-marketing-uploads.s3.amazonaws.com/course-team/Lamees.png]
[edraak-marketing-uploads.s3.amazonaws.com/courses/Solar_Energy_-_HD.jpg]
[www.edraak.org/course/course-v1_DelftX+SE-Pt2+2016/notify.html]
[edraak-marketing-uploads.s3.amazonaws.com/course-team/Ahmad_Dagamseh.jpg]
[www.edraak.org/course/course-v1_DelftX+SE-Pt2+2016/index.html]
[edraak-marketing-uploads.s3.amazonaws.com/course-team/Arno-Smets.jpg]
[www.edraak.org/course/course-v1_DelftX+SE-Pt1+2016/index.html]
[www.edraak.org/course/course-v1_DelftX+SE-Pt1+2016/notify.html]
[edraak-marketing-uploads.s3.amazonaws.com/courses/Circuits_and_Electronics_Ysi45qj.jpg]
[www.edraak.org/course/course-v1_QRF+6002x+2015/notify.html]
[edraak-marketing-uploads.s3.amazonaws.com/course-team/Ayman-Faza.jpg]
[www.edraak.org/course/course-v1_QRF+6002x+2015/index.html]
[edraak-marketing-uploads.s3.amazonaws.com/course-team/anat.jpg]
[edraak-marketing-uploads.s3.amazonaws.com/courses/Computer_Science_and_Programming_dxElrtk.jpg]
[www.edraak.org/course/QRF/6001/2014/notify.html]
[edraak-marketing-uploads.s3.amazonaws.com/course-team/Eric_Grimson_UXiW9vL.jpg]
[edraak-marketing-uploads.s3.amazonaws.com/course-team/John_Guttag.jpg]
[edraak-marketing-uploads.s3.amazonaws.com/course-team/Amjad-Mousa.jpg]
[www.edraak.org/course/QRF/6001/2014/index.html]
[edraak-marketing-uploads.s3.amazonaws.com/course-team/Ana-Bell.jpg]
[edraak-marketing-uploads.s3.amazonaws.com/courses/Math-Course-1920x816.jpg]
[courses.edraak.org/asset-v1_Edraak+MTS12+2016+type@asset+block@MOE.jpg]
[courses.edraak.org/asset-v1_Edraak+MTS12+2016+type@asset+block@AB-Tagline-Arabic.jpg]
[edraak-marketing-uploads.s3.amazonaws.com/course-team/Final_Mahmoud_2.jpg]
[edraak-marketing-uploads.s3.amazonaws.com/course-team/Final_Amal.png]
[www.edraak.org/course/course-v1_Edraak+MTS12+2016/index.html]
[edraak-marketing-uploads.s3.amazonaws.com/courses/Calculus-Series-1920x816.jpg]
[www.edraak.org/course/course-v1_AOU+CALC1+T2_2016/index.html]
[www.edraak.org/course/course-v1_AOU+CALC3+T2_2016/index.html]
[www.edraak.org/course/course-v1_AOU+CALC2+T2_2016/index.html]
[www.edraak.org/course/course-v1_AOU+CALC4+T2_2016/index.html]
[edraak-marketing-uploads.s3.amazonaws.com/course-team/dr_mofeed.jpg]
[edraak-marketing-uploads.s3.amazonaws.com/course-team/Yousef-Sail-Mahmoud.jpg]
[www.edraak.org/series/calculus/index.html]
[edraak-marketing-uploads.s3.amazonaws.com/course-team/Reem_Qawasmeh.jpg]
[www.edraak.org/course/course-v1_AOU+CALC1+2016-T3/index.html]
[www.edraak.org/series/calculus2/index.html]
[www.edraak.org/course/course-v1_AOU+CALC3+T3-3016/index.html]
[www.edraak.org/course/course-v1_AOU+CALC2+2016-T3/index.html]
[edraak-marketing-uploads.s3.amazonaws.com/courses/Course_Image_Vertical.png]
[www.edraak.org/course/course-v1_AOU+CALC4+T3-3016/index.html]
[www.edraak.org/course/course-v1_Edraak+PS-DM+PS-DM2016/notify.html]
[edraak-marketing-uploads.s3.amazonaws.com/course-team/Mohamad_Thabet_180x180.png]
[www.edraak.org/course/course-v1_Edraak+PS-DM+PS-DM2016/index.html]
[edraak-marketing-uploads.s3.amazonaws.com/course-team/Mohamad_assad.png]
[edraak-marketing-uploads.s3.amazonaws.com/courses/Work_Ethics_1.png_horizontal.png]
[www.edraak.org/course/course-v1_AUB+WE100+2016_Q1/notify.html]
[www.edraak.org/course/course-v1_AUB+WE100+2016_Q1/index.html]
[edraak-marketing-uploads.s3.amazonaws.com/course-team/Youssef-Sidani.jpg]
[edraak-marketing-uploads.s3.amazonaws.com/courses/Work_Ethics_1.jpg]
[www.edraak.org/course/course-v1_AUB+WE100+2016_Q3/index.html]
[edraak-marketing-uploads.s3.amazonaws.com/partners/DreamBlueLogo.jpg]
[edraak-marketing-uploads.s3.amazonaws.com/course-team/Turani.jpg]
[edraak-marketing-uploads.s3.amazonaws.com/course-team/ammara_zubair.jpg]
[www.edraak.org/course/course-v1_bayt.com+BA_104+BA_104_SelfPaced/index.html]
[edraak-marketing-uploads.s3.amazonaws.com/courses/Essential-Career-Development-Skills_COVER.jpg]
[www.edraak.org/course/course-v1_bayt.com+BA_105+BA_105_SelfPaced/index.html]
[edraak-marketing-uploads.s3.amazonaws.com/courses/Intro_to_HR_GND2DYc.jpg]
[edraak-marketing-uploads.s3.amazonaws.com/course-team/Dina_Zaky.jpg]
[www.edraak.org/course/course-v1_Bayt.com+BA_106+BA_SP2015/index.html]
[edraak-marketing-uploads.s3.amazonaws.com/courses/CV_writing__7ulEuDX.jpg]
[www.edraak.org/course/course-v1_bayt.com+BA_102+SelfPaced/index.html]
[edraak-marketing-uploads.s3.amazonaws.com/courses/Essential_Career_Skills__cdaVBtc.jpg]
[www.edraak.org/course/course-v1_bayt.com+BA_101-2+BA_SelfPaced/index.html]
[edraak-marketing-uploads.s3.amazonaws.com/courses/Personal_Branding_l14Wh0m.jpg]
[www.edraak.org/course/course-v1_bayt.com+BA_103-2+BA_SelfPaced/index.html]
[edraak-marketing-uploads.s3.amazonaws.com/courses/course_1920x816_copy.jpg]
[www.edraak.org/course/course-v1_Edraak+GD101+T4_2015/notify.html]
[edraak-marketing-uploads.s3.amazonaws.com/course-team/Bahia_Shehab.jpg]
[edraak-marketing-uploads.s3.amazonaws.com/course-team/Medhat_Eid_.jpg]
[edraak-marketing-uploads.s3.amazonaws.com/course-team/Amer_Daboub.jpg]
[edraak-marketing-uploads.s3.amazonaws.com/course-team/Norhan_1.jpg]
[www.edraak.org/course/course-v1_Edraak+GD101+T4_2015/index.html]
[edraak-marketing-uploads.s3.amazonaws.com/course-team/Ziad_Shaker.jpg]
[edraak-marketing-uploads.s3.amazonaws.com/courses/A_Jounrey_in_Filmmaking_qO7KNO8.jpg]
[www.edraak.org/course/course-v1_Edraak+FLM100+2015_T4/notify.html]
[edraak-marketing-uploads.s3.amazonaws.com/course-team/asset-v1-EdraakFLM1002015_T4typeassetblockNadine_Labaki.jpg]
[edraak-marketing-uploads.s3.amazonaws.com/course-team/asset-v1-EdraakFLM1002015_T4typeassetblockNatalie_photo.jpg]
[edraak-marketing-uploads.s3.amazonaws.com/course-team/asset-v1-EdraakFLM1002015_T4typeassetblockBaha_Al-Hussein.jpg]
[www.edraak.org/course/course-v1_Edraak+FLM100+2015_T4/index.html]
[edraak-marketing-uploads.s3.amazonaws.com/course-team/asset-v1-EdraakFLM1002015_T4typethumbnailblockOmaima_Hamouri.jpg]
[edraak-marketing-uploads.s3.amazonaws.com/courses/financial_1920x816.jpg]
[www.edraak.org/course/course-v1_Edraak+FL100+2016_T3_R2/notify.html]
[courses.edraak.org/asset-v1_Edraak+FL100+2015_T4_R1+type@asset+block@rsz_swift_logo_rgb.jpg]
[edraak-marketing-uploads.s3.amazonaws.com/course-team/2ed7d90.jpg]
[edraak-marketing-uploads.s3.amazonaws.com/course-team/Dana_Sisan.jpg]
[www.edraak.org/course/course-v1_Edraak+FL100+2016_T3_R2/index.html]
[edraak-marketing-uploads.s3.amazonaws.com/course-team/Khaled_Qassem.jpg]
[edraak-marketing-uploads.s3.amazonaws.com/courses/Arabs_Where_and_Where_to_NK61vHY.jpg]
[www.edraak.org/course/Edraak/ECDV100/2014/notify.html]
[edraak-marketing-uploads.s3.amazonaws.com/course-team/Al-Ississ_WEF_High_Resolution22.jpg]
[edraak-marketing-uploads.s3.amazonaws.com/course-team/Yomna_Nassar_Profile_Pic_-_Original.jpg]
[www.edraak.org/course/Edraak/ECDV100/2014/index.html]
[edraak-marketing-uploads.s3.amazonaws.com/course-team/Faisal_Kattan_Profilie_Pic.jpg]
[edraak-marketing-uploads.s3.amazonaws.com/courses/Arab_Contemporary_City_fGec4rD.jpg]
[www.edraak.org/course/course-v1_CSBE+AC100+Spring2015/notify.html]
[edraak-marketing-uploads.s3.amazonaws.com/partners/csbe.png]
[edraak-marketing-uploads.s3.amazonaws.com/course-team/FarahWEBsize.jpg]
[edraak-marketing-uploads.s3.amazonaws.com/course-team/ToomaWEBsize.jpg]
[www.edraak.org/course/course-v1_CSBE+AC100+Spring2015/index.html]
[edraak-marketing-uploads.s3.amazonaws.com/course-team/Mohammad_Al-Asad_n8PYakz.jpg]
[edraak-marketing-uploads.s3.amazonaws.com/courses/Arab_Contemporary_City_1.jpg]
[www.edraak.org/course/course-v1_CSBE+AC100+Q3_2016/index.html]
[edraak-marketing-uploads.s3.amazonaws.com/courses/asdfg.jpg]
[www.edraak.org/course/course-v1_BritishCouncil+Eng2+2016Q3/index.html]
[www.edraak.org/course/course-v1_BritishCouncil+Eng2+2016Q3/notify.html]
[edraak-marketing-uploads.s3.amazonaws.com/courses/course_image_horizontal.png]
[www.edraak.org/course/course-v1_BritishCouncil+Eng100+2016_Q2/notify.html]
[edraak-marketing-uploads.s3.amazonaws.com/course-team/robyn_pic.jpg]
[edraak-marketing-uploads.s3.amazonaws.com/course-team/Ayat.jpg]
[www.edraak.org/course/course-v1_BritishCouncil+Eng100+2016_Q2/index.html]
[edraak-marketing-uploads.s3.amazonaws.com/courses/11.png]
[www.edraak.org/course/BritishCouncil/Eng100/T4_2015/notify.html]
[edraak-marketing-uploads.s3.amazonaws.com/course-team/Nicola_bio_pic.png]
[edraak-marketing-uploads.s3.amazonaws.com/course-team/steph_bio_pic.jpg]
[www.edraak.org/course/BritishCouncil/Eng100/T4_2015/index.html]
[edraak-marketing-uploads.s3.amazonaws.com/courses/Teach_Like_a_Champion_1.jpg]
[edraak-marketing-uploads.s3.amazonaws.com/partners/qrta_logo-01.png]
[edraak-marketing-uploads.s3.amazonaws.com/course-team/Sabrine-Al-Salman.jpg]
[edraak-marketing-uploads.s3.amazonaws.com/course-team/Jumana.jpg]
[www.edraak.org/course/course-v1_QRTA+TLC100+TLC_SP2015/index.html]
[edraak-marketing-uploads.s3.amazonaws.com/course-team/Read.jpg]
[dfo1nnmfmvi1j.cloudfront.net/static/images/content/Teach-Form-Icon-1.2e8a603e7187.png]
[dfo1nnmfmvi1j.cloudfront.net/static/images/content/Teach-Form-Icon2.fc186ac97768.png]
[dfo1nnmfmvi1j.cloudfront.net/static/images/content/Teach_Form_Icon3.adb1039d8c0a.png]
[www.edraak.org/teach-form/index.html]
[www.edraak.org/course/course-v1_AOU+JAVA1+T4_2016/index.html]
[www.edraak.org/course/course-v1_AOU+JAVA1+T4_2016/index-2.html]
[www.edraak.org/course/course-v1_AOU+JAVA2+T4_2016/index.html]
[www.edraak.org/course/course-v1_AOU+JAVA2+T4_2016/index-2.html]
[www.edraak.org/course/course-v1_AOU+JAVA3+T4_2016/index.html]
[www.edraak.org/course/course-v1_AOU+JAVA3+T4_2016/index-2.html]
[www.edraak.org/course/course-v1_Fullbridge+COMM1+2015/notify.html]
[www.edraak.org/course/course-v1_PMIJO+PM100+2015_T1_R1/notify.html]
[www.edraak.org/course/course-v1_MITx+ENT101+2015/notify.html]
[www.edraak.org/course/course-v1_AUC+Entr_101+Entr_2015/notify.html]
[www.edraak.org/course/AUB/BC100/2014_BC/notify.html]
[www.edraak.org/course/course-v1_Edraak+MTRNTY_2016+Aug_2016/notify.html]
[www.edraak.org/course/course-v1_Edraak+PRTNG_2016+PRTNG_April_2016/notify.html]
[www.edraak.org/course/course-v1_Edraak+HH100+HH2016_RR1/notify.html]
[www.edraak.org/course/course-v1_HarvardX+HIN+2015/notify.html]
[www.edraak.org/course/HCAC/QMPI100/T1_2030/notify.html]
[www.edraak.org/course/AUB/CZN100/2014/notify.html]
[www.edraak.org/course/course-v1_QOU+Math100+2016_Q3_R1/notify.html]
[www.edraak.org/course/course-v1_DelftX+SE-Pt2+2016/notify.html]
[www.edraak.org/course/course-v1_DelftX+SE-Pt1+2016/notify.html]
[www.edraak.org/course/course-v1_QRF+6002x+2015/notify.html]
[www.edraak.org/course/QRF/6001/2014/notify.html]
[www.edraak.org/course/course-v1_AOU+CALC1+T2_2016/index.html]
[www.edraak.org/course/course-v1_AOU+CALC1+T2_2016/notify.html]
[www.edraak.org/course/course-v1_AOU+CALC2+T2_2016/index.html]
[www.edraak.org/course/course-v1_AOU+CALC2+T2_2016/notify.html]
[www.edraak.org/course/course-v1_AOU+CALC3+T2_2016/index.html]
[www.edraak.org/course/course-v1_AOU+CALC3+T2_2016/notify.html]
[www.edraak.org/course/course-v1_AOU+CALC4+T2_2016/index.html]
[www.edraak.org/course/course-v1_AOU+CALC4+T2_2016/notify.html]
[www.edraak.org/course/course-v1_AOU+CALC1+2016-T3/index.html]
[www.edraak.org/course/course-v1_AOU+CALC2+2016-T3/index.html]
[www.edraak.org/course/course-v1_AOU+CALC3+T3-3016/index.html]
[www.edraak.org/course/course-v1_AOU+CALC4+T3-3016/index.html]
[www.edraak.org/course/course-v1_Edraak+PS-DM+PS-DM2016/notify.html]
[www.edraak.org/course/course-v1_AUB+WE100+2016_Q1/notify.html]
[www.edraak.org/course/course-v1_Edraak+GD101+T4_2015/notify.html]
[www.edraak.org/course/course-v1_Edraak+FLM100+2015_T4/notify.html]
[www.edraak.org/course/course-v1_Edraak+FL100+2016_T3_R2/notify.html]
[www.edraak.org/course/Edraak/ECDV100/2014/notify.html]
[www.edraak.org/course/course-v1_CSBE+AC100+Spring2015/notify.html]
[www.edraak.org/course/course-v1_BritishCouncil+Eng2+2016Q3/notify.html]
[www.edraak.org/course/course-v1_BritishCouncil+Eng100+2016_Q2/notify.html]
[www.edraak.org/course/BritishCouncil/Eng100/T4_2015/notify.html]
[www.edraak.org/course/course-v1_AOU+CALC1+T2_2016/notify.html]
[www.edraak.org/course/course-v1_AOU+CALC2+T2_2016/notify.html]
[www.edraak.org/course/course-v1_AOU+CALC3+T2_2016/notify.html]
[www.edraak.org/course/course-v1_AOU+CALC4+T2_2016/notify.html]
[blog.edraak.org/wp-content/uploads/2016/09/blog-discussion-board-1.png]
[blog.edraak.org/wp-content/uploads/2016/09/IMG_0742-1.jpg]
[blog.edraak.org/wp-content/uploads/2016/09/blog-1.jpg]
[dfo1nnmfmvi1j.cloudfront.net/static/images/logo-dark.ca4336d84594.png]
[dfo1nnmfmvi1j.cloudfront.net/static/images/logo-light.be712df319f3.png]
[dfo1nnmfmvi1j.cloudfront.net/static/images/content/homepage-bg.d609dfc1a9a6.jpg]
[dfo1nnmfmvi1j.cloudfront.net/static/images/content/teach.85a23e36bcc9.jpg]
[dfo1nnmfmvi1j.cloudfront.net/static/images/broken-pencil.e921b976aac3.jpg]
[www.facebook.com/tr78fa.gif]
[dfo1nnmfmvi1j.cloudfront.net/static/images/content/teach-form-header.bac4884b191f.3ec.delayed]
[dfo1nnmfmvi1j.cloudfront.net/static/styles/rtl.fcbc7f20fccf.css]
[www.edraak.org/series/JAVA/index.html]
[www.edraak.org/course/course-v1_Edraak+FA911+2016_Q4_R1/index.html]
[www.edraak.org/course/course-v1_Edraak+PRBS100+Q3_2016_R1/index.html]
[www.edraak.org/course/course-v1_PMIJO+PM100+2016_Q4_R2/index.html]
[www.edraak.org/course/course-v1_Edraak+GSSM+T3_2016/index.html]
[www.edraak.org/course/course-v1_BritishCouncil+Eng3+Q4-2016/index.html]
[www.edraak.org/course/course-v1_Edraak+DI100+Q3_2016_R1/index.html]
[www.edraak.org/course/course-v1_Edraak+AUT_101+R1_Oct_2016/index.html]
[www.edraak.org/course/course-v1_PSUT+PL101+2016_Q2_R1/index.html]
[www.edraak.org/contact-us/index.html]
[connect.facebook.net/ar_AR/sdk.js]
[connect.facebook.net/en_US/fbevents.js]
[www.googletagmanager.com/gtm5445.html]
[courses.edraak.org/Popover requires tooltip.43d.delayed]
[dfo1nnmfmvi1j.cloudfront.net/static/CACHE/js/591ba090d198.js]
[dfo1nnmfmvi1j.cloudfront.net/static/CACHE/js/da6d156924cf.js]
[dfo1nnmfmvi1j.cloudfront.net/static/CACHE/js/cd954aecca2c.js]
[www.edraak.org/courses/current/index.html]
[www.edraak.org/course/course-v1_MBRCGI+IG_2016+IG_R1/index.html]
[www.edraak.org/course/course-v1_Fullbridge+COMM1+2015/index.html]
[www.edraak.org/course/course-v1_MITx+ENT101+2015/index.html]
[www.edraak.org/course/course-v1_AUC+Entr_101+Entr_2015/index.html]
[www.edraak.org/course/AUB/BC100/2014_BC/index.html]
[www.edraak.org/course/course-v1_Edraak+MTRNTY_2016+Aug_2016/index.html]
[www.edraak.org/course/course-v1_Edraak+PRTNG_2016+PRTNG_April_2016/index.html]
[www.edraak.org/course/course-v1_Edraak+HH100+HH2016_RR1/index.html]
[www.edraak.org/course/course-v1_HarvardX+HIN+2015/index.html]
[www.edraak.org/course/HCAC/QMPI100/T1_2030/index.html]
[dfo1nnmfmvi1j.cloudfront.net/static/images/content/teach-form-header.bac4884b191f.jpg]
[www.edraak.org/course/course-v1_Edraak+CHM100r+CMH_SP2015/index.html]
[www.edraak.org/course/course-v1_Edraak+NH100+NH_SP2015/index.html]
[www.edraak.org/course/AUB/CZN100/2014/index.html]
[www.edraak.org/course/course-v1_QOU+Math100+2016_Q3_R1/index.html]
[www.edraak.org/course/course-v1_DelftX+SE-Pt2+2016/index.html]
[www.edraak.org/course/course-v1_QRF+6002x+2015/index.html]
[www.edraak.org/course/QRF/6001/2014/index.html]
[www.edraak.org/course/course-v1_Edraak+MTS12+2016/index.html]
[www.edraak.org/series/calculus/index.html]
[www.edraak.org/course/course-v1_Edraak+PS-DM+PS-DM2016/index.html]
[www.edraak.org/course/course-v1_AUB+WE100+2016_Q1/index.html]
[www.edraak.org/course/course-v1_AUB+WE100+2016_Q3/index.html]
[www.edraak.org/course/course-v1_bayt.com+BA_104+BA_104_SelfPaced/index.html]
[www.edraak.org/course/course-v1_bayt.com+BA_105+BA_105_SelfPaced/index.html]
[www.edraak.org/course/course-v1_Bayt.com+BA_106+BA_SP2015/index.html]
[www.edraak.org/course/course-v1_bayt.com+BA_102+SelfPaced/index.html]
[www.edraak.org/course/course-v1_bayt.com+BA_101-2+BA_SelfPaced/index.html]
[www.edraak.org/course/course-v1_bayt.com+BA_103-2+BA_SelfPaced/index.html]
[www.edraak.org/course/course-v1_Edraak+GD101+T4_2015/index.html]
[www.edraak.org/course/course-v1_Edraak+FLM100+2015_T4/index.html]
[www.edraak.org/course/course-v1_Edraak+FL100+2016_T3_R2/index.html]
[www.edraak.org/course/Edraak/ECDV100/2014/index.html]
[www.edraak.org/course/course-v1_CSBE+AC100+Spring2015/index.html]
[www.edraak.org/course/course-v1_CSBE+AC100+Q3_2016/index.html]
[www.edraak.org/course/course-v1_BritishCouncil+Eng2+2016Q3/index.html]
[www.edraak.org/course/course-v1_BritishCouncil+Eng100+2016_Q2/index.html]
[www.edraak.org/course/BritishCouncil/Eng100/T4_2015/index.html]
[www.edraak.org/course/course-v1_QRTA+TLC100+TLC_SP2015/index.html]
[www.edraak.org/course/course-v1_AOU+JAVA1+T4_2016/index.html]
[dfo1nnmfmvi1j.cloudfront.net/static/CACHE/js/af46a2b6eaa6.js]
[www.edraak.org/course/course-v1_Fullbridge+COMM1+2015/notify.html]
[www.edraak.org/course/course-v1_PMIJO+PM100+2015_T1_R1/notify.html]
[www.edraak.org/course/course-v1_MITx+ENT101+2015/notify.html]
[www.edraak.org/course/course-v1_AUC+Entr_101+Entr_2015/notify.html]
[www.edraak.org/course/AUB/BC100/2014_BC/notify.html]
[www.edraak.org/course/course-v1_Edraak+MTRNTY_2016+Aug_2016/notify.html]
[www.edraak.org/course/course-v1_Edraak+PRTNG_2016+PRTNG_April_2016/notify.html]
[www.edraak.org/course/course-v1_Edraak+HH100+HH2016_RR1/notify.html]
[www.edraak.org/course/course-v1_HarvardX+HIN+2015/notify.html]
[www.edraak.org/course/HCAC/QMPI100/T1_2030/notify.html]
[www.edraak.org/course/AUB/CZN100/2014/notify.html]
[www.edraak.org/course/course-v1_QOU+Math100+2016_Q3_R1/notify.html]
[www.edraak.org/course/course-v1_DelftX+SE-Pt2+2016/notify.html]
[www.edraak.org/course/course-v1_DelftX+SE-Pt1+2016/notify.html]
[www.edraak.org/course/course-v1_QRF+6002x+2015/notify.html]
[www.edraak.org/course/QRF/6001/2014/notify.html]
[www.edraak.org/course/course-v1_AOU+CALC1+T2_2016/index.html]
[www.edraak.org/course/course-v1_AOU+CALC1+2016-T3/index.html]
[www.edraak.org/course/course-v1_Edraak+PS-DM+PS-DM2016/notify.html]
[www.edraak.org/course/course-v1_AUB+WE100+2016_Q1/notify.html]
[www.edraak.org/course/course-v1_Edraak+GD101+T4_2015/notify.html]
[www.edraak.org/course/course-v1_Edraak+FLM100+2015_T4/notify.html]
[www.edraak.org/course/course-v1_Edraak+FL100+2016_T3_R2/notify.html]
[www.edraak.org/course/Edraak/ECDV100/2014/notify.html]
[www.edraak.org/course/course-v1_CSBE+AC100+Spring2015/notify.html]
[www.edraak.org/course/course-v1_BritishCouncil+Eng2+2016Q3/notify.html]
[www.edraak.org/course/course-v1_BritishCouncil+Eng100+2016_Q2/notify.html]
[www.edraak.org/course/BritishCouncil/Eng100/T4_2015/notify.html]
[www.edraak.org/course/course-v1_AOU+CALC1+T2_2016/notify.html]
[dfo1nnmfmvi1j.cloudfront.net/static/bower_components/open-sans-fontface/fonts/Light/OpenSans-Light.d79f021974b1.svg]
[dfo1nnmfmvi1j.cloudfront.net/static/bower_components/open-sans-fontface/fonts/LightItalic/OpenSans-LightItalic.b64e9910811c.svg]
[dfo1nnmfmvi1j.cloudfront.net/static/bower_components/open-sans-fontface/fonts/Regular/OpenSans-Regular.f641a7d4e80f.svg]
[dfo1nnmfmvi1j.cloudfront.net/static/bower_components/open-sans-fontface/fonts/Italic/OpenSans-Italic.d6671d41dde4.svg]
[dfo1nnmfmvi1j.cloudfront.net/static/bower_components/open-sans-fontface/fonts/Semibold/OpenSans-Semibold.bb100c995f1d.svg]
[dfo1nnmfmvi1j.cloudfront.net/static/bower_components/open-sans-fontface/fonts/SemiboldItalic/OpenSans-SemiboldItalic.ddc348f20428.svg]
[dfo1nnmfmvi1j.cloudfront.net/static/bower_components/open-sans-fontface/fonts/Bold/OpenSans-Bold.d6291f880566.svg]
[dfo1nnmfmvi1j.cloudfront.net/static/bower_components/open-sans-fontface/fonts/BoldItalic/OpenSans-BoldItalic.a54aba83b3d5.svg]
[dfo1nnmfmvi1j.cloudfront.net/static/bower_components/open-sans-fontface/fonts/ExtraBold/OpenSans-ExtraBold.8c5c497a4730.svg]
[dfo1nnmfmvi1j.cloudfront.net/static/bower_components/open-sans-fontface/fonts/ExtraBoldItalic/OpenSans-ExtraBoldItalic.9704305e6fd8.svg]
[dfo1nnmfmvi1j.cloudfront.net/static/fonts/edraak-icons/fontcustom.d70db32bfb52.svg]
[www.edraak.org/ABCDEFGHIJKLMNOPQRSTUVWXYZabcdefghijklmnopqrstuvwxyz0123456789+/index.html]
[www.edraak.org/dialog/index.html]
[www.edraak.org/%s/profile4d6d.html]
[courses.edraak.org/Popover requires tooltip.html]
[www.edraak.org/specified parentLocale is not defined yet. See http_/momentjs.com/guides/index.html]
